// Jest Snapshot v1, https://goo.gl/fbAQLP

exports[`App component render 1`] = `
<div>
  <AlbumInfo
    albumInfo={
      Object {
        "name": "",
        "tracks": Array [],
        "year": 0,
      }
    }
  />
  <TrackContainer
    tracks={Array []}
  />
</div>
`;
